Please correct quantities
Television, 10